﻿[dotenv@17.3.1] injecting env (17) from .env.local -- tip: ΓÜÖ∩╕Å  load multiple .env files with { path: ['.env.local', '.env'] }
Testing AI Provider VISION Extractor...
[AI Provider] Attempting generation with Tier: gemini-2.5-pro (Ultra-smart primary engine)
node.exe : [AI Provider] Error with 
gemini-2.5-pro: [GoogleGenerativeAI Error]: 
Error fetching from https://generativelanguage
.googleapis.com/v1beta/models/gemini-2.5-pro:g
enerateContent: [403 Forbidden] Method 
doesn't allow unregistered callers (callers 
without established identity). Please use API 
Key or other form of API consumer identity to 
call this API.
At line:1 char:1
+ & "C:\Program Files\nodejs/node.exe" 
"C:\Program Files\nodejs/node_mo ...
+ ~~~~~~~~~~~~~~~~~~~~~~~~~~~~~~~~~~~~~~~~~~~~
~~~~~~~~~~~~~~~~~~~~~~~~~
    + CategoryInfo          : NotSpecified: ( 
   [AI Provider] E... call this API.:String)  
   [], RemoteException
    + FullyQualifiedErrorId : NativeCommandEr 
   ror
 
[AI Provider] Attempting generation with Tier: gemini-2.5-flash (High free-quota stable fallback)
[AI Provider] Error with gemini-2.5-flash: 
[GoogleGenerativeAI Error]: Error fetching 
from https://generativelanguage.googleapis.com
/v1beta/models/gemini-2.5-flash:generateConten
t: [403 Forbidden] Method doesn't allow 
unregistered callers (callers without 
established identity). Please use API Key or 
other form of API consumer identity to call 
this API.
[AI Provider] Attempting generation with Tier: google/gemma-3-12b-it:free (OpenRouter Free Fallback (Gemma 3 12B))
[AI Provider] Success on google/gemma-3-12b-it:free. Generated 156 chars.
Result: The image is a solid block of color ΓÇô specifically, a shade of **gray**. It appears to be a medium-dark gray.



It's likely a background or a color swatch.
Used Model: google/gemma-3-12b-it:free
